{"level":"info","message":"run static import","extra":{"packageName":"@nocobase/plugin-multi-app-manager"},"meta":{"packageName":"@nocobase/plugin-multi-app-manager"},"module":"cli","submodule":"","method":"","app":"main","dataSourceKey":"main","timestamp":"2026-04-25 06:05:13"}
{"level":"info","message":"App supervisor initialized","extra":{"discoveryAdapter":"legacy","processAdapter":"legacy","commandAdapter":""},"meta":{"discoveryAdapter":"legacy","processAdapter":"legacy","commandAdapter":""},"module":"app-supervisor","submodule":"","method":"","app":"main","dataSourceKey":"main","timestamp":"2026-04-25 06:05:13"}
{"level":"info","message":"connection has been established successfully.","extra":{"method":"auth"},"meta":{},"module":"database","submodule":"","method":"auth","app":"main","reqId":"d2e75cad-a6f8-442a-8d7b-5e6dc16998e3","dataSourceKey":"main","timestamp":"2026-04-25 06:05:13"}
{"level":"info","message":"[queue] gracefully shutting down...","extra":{},"meta":{},"module":"application","submodule":"","method":"","app":"main","reqId":"d2e75cad-a6f8-442a-8d7b-5e6dc16998e3","dataSourceKey":"main","timestamp":"2026-04-25 06:05:13"}
2026-04-25 06:05:14 [info] Generating InstanceID... 
2026-04-25 06:05:14 [info] InstanceID saved to /app/nocobase/storage/.license/instance-id 
2026-04-25 06:05:14 [info] License key not found 
{"level":"info","message":"run static import","extra":{"packageName":"@nocobase/plugin-multi-app-manager"},"meta":{"packageName":"@nocobase/plugin-multi-app-manager"},"module":"cli","submodule":"","method":"","app":"main","dataSourceKey":"main","timestamp":"2026-04-25 06:05:16"}
{"level":"info","message":"App supervisor initialized","extra":{"discoveryAdapter":"legacy","processAdapter":"legacy","commandAdapter":""},"meta":{"discoveryAdapter":"legacy","processAdapter":"legacy","commandAdapter":""},"module":"app-supervisor","submodule":"","method":"","app":"main","dataSourceKey":"main","timestamp":"2026-04-25 06:05:16"}
{"level":"info","message":"connection has been established successfully.","extra":{"method":"auth"},"meta":{},"module":"database","submodule":"","method":"auth","app":"main","reqId":"2c495065-8f93-4688-82ee-96e3d8a818d7","dataSourceKey":"main","timestamp":"2026-04-25 06:05:16"}
{"level":"info","message":"Docs index generated for module \"runjs\"","extra":{},"meta":{},"module":"application","submodule":"","method":"","app":"main","reqId":"2c495065-8f93-4688-82ee-96e3d8a818d7","dataSourceKey":"main","timestamp":"2026-04-25 06:05:16"}
{"level":"info","message":"run static import","extra":{"packageName":"@nocobase/plugin-multi-app-manager"},"meta":{"packageName":"@nocobase/plugin-multi-app-manager"},"module":"cli","submodule":"","method":"","app":"main","dataSourceKey":"main","timestamp":"2026-04-25 06:09:26"}
{"level":"info","message":"App supervisor initialized","extra":{"discoveryAdapter":"legacy","processAdapter":"legacy","commandAdapter":""},"meta":{"discoveryAdapter":"legacy","processAdapter":"legacy","commandAdapter":""},"module":"app-supervisor","submodule":"","method":"","app":"main","dataSourceKey":"main","timestamp":"2026-04-25 06:09:26"}
{"level":"info","message":"connection has been established successfully.","extra":{"method":"auth"},"meta":{},"module":"database","submodule":"","method":"auth","app":"main","reqId":"33369b76-7050-4d61-ba2e-1facdc59ac4a","dataSourceKey":"main","timestamp":"2026-04-25 06:09:26"}
{"level":"info","message":"[queue] gracefully shutting down...","extra":{},"meta":{},"module":"application","submodule":"","method":"","app":"main","reqId":"33369b76-7050-4d61-ba2e-1facdc59ac4a","dataSourceKey":"main","timestamp":"2026-04-25 06:09:26"}
2026-04-25 06:09:27 [info] Generating InstanceID... 
2026-04-25 06:09:27 [info] InstanceID already exists at /app/nocobase/storage/.license/instance-id 
2026-04-25 06:09:27 [info] License key not found 
{"level":"info","message":"run static import","extra":{"packageName":"@nocobase/plugin-multi-app-manager"},"meta":{"packageName":"@nocobase/plugin-multi-app-manager"},"module":"cli","submodule":"","method":"","app":"main","dataSourceKey":"main","timestamp":"2026-04-25 06:09:29"}
{"level":"info","message":"App supervisor initialized","extra":{"discoveryAdapter":"legacy","processAdapter":"legacy","commandAdapter":""},"meta":{"discoveryAdapter":"legacy","processAdapter":"legacy","commandAdapter":""},"module":"app-supervisor","submodule":"","method":"","app":"main","dataSourceKey":"main","timestamp":"2026-04-25 06:09:29"}
{"level":"info","message":"connection has been established successfully.","extra":{"method":"auth"},"meta":{},"module":"database","submodule":"","method":"auth","app":"main","reqId":"f39bb2be-5047-4f52-99bd-0bcf4ed66f8c","dataSourceKey":"main","timestamp":"2026-04-25 06:09:29"}
{"level":"info","message":"Docs index generated for module \"runjs\"","extra":{},"meta":{},"module":"application","submodule":"","method":"","app":"main","reqId":"f39bb2be-5047-4f52-99bd-0bcf4ed66f8c","dataSourceKey":"main","timestamp":"2026-04-25 06:09:29"}
{"level":"info","message":"allocate worker id: 6","extra":{"method":"load"},"meta":{},"module":"application","submodule":"","method":"load","app":"main","reqId":"f39bb2be-5047-4f52-99bd-0bcf4ed66f8c","dataSourceKey":"main","timestamp":"2026-04-25 06:09:30"}
{"level":"info","message":"start install built-in plugins","extra":{},"meta":{},"module":"nocobase","submodule":"","method":"","app":"main","reqId":"f39bb2be-5047-4f52-99bd-0bcf4ed66f8c","dataSourceKey":"main","timestamp":"2026-04-25 06:09:30"}
{"level":"warn","message":"tools [common] register ignored: ToolsOptions not export as default at /app/nocobase/node_modules/@nocobase/plugin-data-source-manager/dist/ai/tools/data-query/common.js","extra":{},"meta":{},"module":"data-source-manager","submodule":"","method":"","app":"main","reqId":"f39bb2be-5047-4f52-99bd-0bcf4ed66f8c","dataSourceKey":"main","timestamp":"2026-04-25 06:09:30"}
{"level":"warn","message":"tools [utils] register ignored: ToolsOptions not export as default at /app/nocobase/node_modules/@nocobase/plugin-data-source-manager/dist/ai/tools/data-query/utils.js","extra":{},"meta":{},"module":"data-source-manager","submodule":"","method":"","app":"main","reqId":"f39bb2be-5047-4f52-99bd-0bcf4ed66f8c","dataSourceKey":"main","timestamp":"2026-04-25 06:09:30"}
{"level":"warn","message":"[PubSubManager] adapter is not exist or not connected, cannot publish message to channel main.sync.file-manager","extra":{},"meta":{},"module":"application","submodule":"","method":"","app":"main","reqId":"f39bb2be-5047-4f52-99bd-0bcf4ed66f8c","dataSourceKey":"main","timestamp":"2026-04-25 06:09:31"}
{"level":"warn","message":"[PubSubManager] adapter is not exist or not connected, cannot publish message to channel main.sync.data-source-manager","extra":{},"meta":{},"module":"application","submodule":"","method":"","app":"main","reqId":"f39bb2be-5047-4f52-99bd-0bcf4ed66f8c","dataSourceKey":"main","timestamp":"2026-04-25 06:09:31"}
{"level":"warn","message":"[PubSubManager] adapter is not exist or not connected, cannot publish message to channel main.sync.acl","extra":{},"meta":{},"module":"application","submodule":"","method":"","app":"main","reqId":"f39bb2be-5047-4f52-99bd-0bcf4ed66f8c","dataSourceKey":"main","timestamp":"2026-04-25 06:09:31"}
{"level":"warn","message":"[PubSubManager] adapter is not exist or not connected, cannot publish message to channel main.sync.data-source-manager","extra":{},"meta":{},"module":"application","submodule":"","method":"","app":"main","reqId":"f39bb2be-5047-4f52-99bd-0bcf4ed66f8c","dataSourceKey":"main","timestamp":"2026-04-25 06:09:31"}
{"level":"warn","message":"[PubSubManager] adapter is not exist or not connected, cannot publish message to channel main.sync.acl","extra":{},"meta":{},"module":"application","submodule":"","method":"","app":"main","reqId":"f39bb2be-5047-4f52-99bd-0bcf4ed66f8c","dataSourceKey":"main","timestamp":"2026-04-25 06:09:31"}
{"level":"warn","message":"[PubSubManager] adapter is not exist or not connected, cannot publish message to channel main.sync.data-source-manager","extra":{},"meta":{},"module":"application","submodule":"","method":"","app":"main","reqId":"f39bb2be-5047-4f52-99bd-0bcf4ed66f8c","dataSourceKey":"main","timestamp":"2026-04-25 06:09:31"}
{"level":"warn","message":"[PubSubManager] adapter is not exist or not connected, cannot publish message to channel main.sync.acl","extra":{},"meta":{},"module":"application","submodule":"","method":"","app":"main","reqId":"f39bb2be-5047-4f52-99bd-0bcf4ed66f8c","dataSourceKey":"main","timestamp":"2026-04-25 06:09:31"}
{"level":"info","message":"setup built-in employees","extra":{},"meta":{},"module":"ai","submodule":"","method":"","app":"main","reqId":"f39bb2be-5047-4f52-99bd-0bcf4ed66f8c","dataSourceKey":"main","timestamp":"2026-04-25 06:09:31"}
{"level":"info","message":"setup [orin] AI employee for data modeling","extra":{},"meta":{},"module":"ai","submodule":"","method":"","app":"main","reqId":"f39bb2be-5047-4f52-99bd-0bcf4ed66f8c","dataSourceKey":"main","timestamp":"2026-04-25 06:09:31"}
{"level":"info","message":"setup [nathan] AI employee for coding","extra":{},"meta":{},"module":"ai","submodule":"","method":"","app":"main","reqId":"f39bb2be-5047-4f52-99bd-0bcf4ed66f8c","dataSourceKey":"main","timestamp":"2026-04-25 06:09:31"}
{"level":"info","message":"setup [dex] AI employee for extract and structure data from text, and can fill forms automatically.","extra":{},"meta":{},"module":"ai","submodule":"","method":"","app":"main","reqId":"f39bb2be-5047-4f52-99bd-0bcf4ed66f8c","dataSourceKey":"main","timestamp":"2026-04-25 06:09:31"}
{"level":"info","message":"setup [viz] Insights analyst","extra":{},"meta":{},"module":"ai","submodule":"","method":"","app":"main","reqId":"f39bb2be-5047-4f52-99bd-0bcf4ed66f8c","dataSourceKey":"main","timestamp":"2026-04-25 06:09:31"}
{"level":"info","message":"setup [vera] Research analyst","extra":{},"meta":{},"module":"ai","submodule":"","method":"","app":"main","reqId":"f39bb2be-5047-4f52-99bd-0bcf4ed66f8c","dataSourceKey":"main","timestamp":"2026-04-25 06:09:31"}
{"level":"info","message":"setup [lexi] Translator","extra":{},"meta":{},"module":"ai","submodule":"","method":"","app":"main","reqId":"f39bb2be-5047-4f52-99bd-0bcf4ed66f8c","dataSourceKey":"main","timestamp":"2026-04-25 06:09:31"}
{"level":"info","message":"setup [ellis] Email expert","extra":{},"meta":{},"module":"ai","submodule":"","method":"","app":"main","reqId":"f39bb2be-5047-4f52-99bd-0bcf4ed66f8c","dataSourceKey":"main","timestamp":"2026-04-25 06:09:31"}
{"level":"info","message":"setup [dara] Data visualization specialist","extra":{},"meta":{},"module":"ai","submodule":"","method":"","app":"main","reqId":"f39bb2be-5047-4f52-99bd-0bcf4ed66f8c","dataSourceKey":"main","timestamp":"2026-04-25 06:09:31"}
{"level":"info","message":"finish install built-in plugins","extra":{},"meta":{},"module":"nocobase","submodule":"","method":"","app":"main","reqId":"f39bb2be-5047-4f52-99bd-0bcf4ed66f8c","dataSourceKey":"main","timestamp":"2026-04-25 06:09:31"}
{"level":"warn","message":"[PubSubManager] adapter is not exist or not connected, cannot publish message to channel main.sync.data-source-manager","extra":{},"meta":{},"module":"application","submodule":"","method":"","app":"main","reqId":"f39bb2be-5047-4f52-99bd-0bcf4ed66f8c","dataSourceKey":"main","timestamp":"2026-04-25 06:09:31"}
{"level":"warn","message":"[PubSubManager] adapter is not exist or not connected, cannot publish message to channel main.sync.acl","extra":{},"meta":{},"module":"application","submodule":"","method":"","app":"main","reqId":"f39bb2be-5047-4f52-99bd-0bcf4ed66f8c","dataSourceKey":"main","timestamp":"2026-04-25 06:09:31"}
{"level":"warn","message":"[PubSubManager] adapter is not exist or not connected, cannot publish message to channel main.sync.data-source-manager","extra":{},"meta":{},"module":"application","submodule":"","method":"","app":"main","reqId":"f39bb2be-5047-4f52-99bd-0bcf4ed66f8c","dataSourceKey":"main","timestamp":"2026-04-25 06:09:31"}
{"level":"warn","message":"[PubSubManager] adapter is not exist or not connected, cannot publish message to channel main.sync.acl","extra":{},"meta":{},"module":"application","submodule":"","method":"","app":"main","reqId":"f39bb2be-5047-4f52-99bd-0bcf4ed66f8c","dataSourceKey":"main","timestamp":"2026-04-25 06:09:31"}
{"level":"info","message":"restarting...","extra":{},"meta":{},"module":"application","submodule":"","method":"","app":"main","reqId":"f39bb2be-5047-4f52-99bd-0bcf4ed66f8c","dataSourceKey":"main","timestamp":"2026-04-25 06:09:31"}
{"level":"info","message":"stopping workflow plugin before app (main) shutdown...","extra":{},"meta":{},"module":"application","submodule":"","method":"","app":"main","reqId":"f39bb2be-5047-4f52-99bd-0bcf4ed66f8c","dataSourceKey":"main","timestamp":"2026-04-25 06:09:31"}
{"level":"info","message":"app.reload()","extra":{"method":"load"},"meta":{},"module":"application","submodule":"","method":"load","app":"main","reqId":"f39bb2be-5047-4f52-99bd-0bcf4ed66f8c","dataSourceKey":"main","timestamp":"2026-04-25 06:09:31"}
{"level":"info","message":"allocate worker id: 6","extra":{"method":"load"},"meta":{},"module":"application","submodule":"","method":"load","app":"main","reqId":"f39bb2be-5047-4f52-99bd-0bcf4ed66f8c","dataSourceKey":"main","timestamp":"2026-04-25 06:09:31"}
{"level":"warn","message":"AsyncTaskManager already exists, skipping initialization.","extra":{},"meta":{},"module":"application","submodule":"","method":"","app":"main","reqId":"f39bb2be-5047-4f52-99bd-0bcf4ed66f8c","dataSourceKey":"main","timestamp":"2026-04-25 06:09:31"}
{"level":"warn","message":"tools [common] register ignored: ToolsOptions not export as default at /app/nocobase/node_modules/@nocobase/plugin-data-source-manager/dist/ai/tools/data-query/common.js","extra":{},"meta":{},"module":"data-source-manager","submodule":"","method":"","app":"main","reqId":"f39bb2be-5047-4f52-99bd-0bcf4ed66f8c","dataSourceKey":"main","timestamp":"2026-04-25 06:09:31"}
{"level":"warn","message":"tools [utils] register ignored: ToolsOptions not export as default at /app/nocobase/node_modules/@nocobase/plugin-data-source-manager/dist/ai/tools/data-query/utils.js","extra":{},"meta":{},"module":"data-source-manager","submodule":"","method":"","app":"main","reqId":"f39bb2be-5047-4f52-99bd-0bcf4ed66f8c","dataSourceKey":"main","timestamp":"2026-04-25 06:09:31"}
{"level":"info","message":"memory queue storage file not found, skip","extra":{},"meta":{},"module":"application","submodule":"","method":"","app":"main","reqId":"f39bb2be-5047-4f52-99bd-0bcf4ed66f8c","dataSourceKey":"main","timestamp":"2026-04-25 06:09:32"}
{"level":"info","message":"memory queue storage file not found, skip","extra":{},"meta":{},"module":"application","submodule":"","method":"","app":"main","reqId":"f39bb2be-5047-4f52-99bd-0bcf4ed66f8c","dataSourceKey":"main","timestamp":"2026-04-25 06:09:32"}
{"level":"info","message":"write roles to ACL","extra":{"method":"writeRolesToACL"},"meta":{},"module":"acl","submodule":"","method":"writeRolesToACL","app":"main","reqId":"f39bb2be-5047-4f52-99bd-0bcf4ed66f8c","dataSourceKey":"main","timestamp":"2026-04-25 06:09:32"}
{"level":"info","message":"app has been started","extra":{},"meta":{},"module":"application","submodule":"","method":"","app":"main","reqId":"f39bb2be-5047-4f52-99bd-0bcf4ed66f8c","dataSourceKey":"main","timestamp":"2026-04-25 06:09:32"}
{"level":"warn","message":"[Workflow pre-action]: collection \"app\" not found","extra":{},"meta":{},"module":"app","submodule":"getLang","method":"","app":"main","reqId":"ded2633c-0420-4e5f-b221-6a5a71bb942f","dataSourceKey":"main","timestamp":"2026-04-25 06:16:09"}
{"level":"warn","message":"[Workflow pre-action]: collection \"pm\" not found","extra":{},"meta":{},"module":"pm","submodule":"listEnabled","method":"","app":"main","reqId":"e5f18586-ceb5-4dfc-a97e-d66954d89b3d","dataSourceKey":"main","timestamp":"2026-04-25 06:16:09"}
{"level":"warn","message":"[Workflow pre-action]: collection \"auth\" not found","extra":{},"meta":{},"module":"auth","submodule":"signIn","method":"","app":"main","reqId":"c2be81e1-1206-4fbc-8a08-d5c7c024fb7f","dataSourceKey":"main","timestamp":"2026-04-25 06:17:56"}
{"level":"warn","message":"[Workflow pre-action]: collection \"auth\" not found","extra":{},"meta":{},"module":"auth","submodule":"signIn","method":"","app":"main","reqId":"f0562d96-0cd2-4f86-b71f-bc8719ce3524","dataSourceKey":"main","timestamp":"2026-04-25 06:21:37"}
{"level":"warn","message":"[Workflow pre-action]: collection \"app\" not found","extra":{},"meta":{},"module":"app","submodule":"getLang","method":"","app":"main","reqId":"8fbe6911-a0eb-45c3-a08e-799b062e106d","dataSourceKey":"main","timestamp":"2026-04-25 06:22:35"}
{"level":"warn","message":"[Workflow pre-action]: collection \"pm\" not found","extra":{},"meta":{},"module":"pm","submodule":"listEnabled","method":"","app":"main","reqId":"7ccd8a83-5fab-4f7c-93af-205b66a9bc11","dataSourceKey":"main","timestamp":"2026-04-25 06:22:35"}
{"level":"warn","message":"[Workflow pre-action]: collection \"auth\" not found","extra":{},"meta":{},"module":"auth","submodule":"signIn","method":"","app":"main","reqId":"a6e075eb-8836-45c6-ad68-6f309cff9456","dataSourceKey":"main","timestamp":"2026-04-25 06:22:44"}
{"level":"warn","message":"[Workflow pre-action]: collection \"auth\" not found","extra":{},"meta":{},"module":"auth","submodule":"signIn","method":"","app":"main","reqId":"2460c2ba-1541-44c9-ab8e-cddecbd96755","dataSourceKey":"main","timestamp":"2026-04-25 06:23:01"}
{"level":"info","message":"run static import","extra":{"packageName":"@nocobase/plugin-multi-app-manager"},"meta":{"packageName":"@nocobase/plugin-multi-app-manager"},"module":"cli","submodule":"","method":"","app":"main","dataSourceKey":"main","timestamp":"2026-04-25 06:23:23"}
{"level":"info","message":"App supervisor initialized","extra":{"discoveryAdapter":"legacy","processAdapter":"legacy","commandAdapter":""},"meta":{"discoveryAdapter":"legacy","processAdapter":"legacy","commandAdapter":""},"module":"app-supervisor","submodule":"","method":"","app":"main","dataSourceKey":"main","timestamp":"2026-04-25 06:23:23"}
{"level":"info","message":"connection has been established successfully.","extra":{"method":"auth"},"meta":{},"module":"database","submodule":"","method":"auth","app":"main","reqId":"77a97d40-6510-426e-8b1d-ceb00748de65","dataSourceKey":"main","timestamp":"2026-04-25 06:23:23"}
{"level":"info","message":"[queue] gracefully shutting down...","extra":{},"meta":{},"module":"application","submodule":"","method":"","app":"main","reqId":"77a97d40-6510-426e-8b1d-ceb00748de65","dataSourceKey":"main","timestamp":"2026-04-25 06:23:23"}
2026-04-25 06:23:24 [info] Generating InstanceID... 
2026-04-25 06:23:24 [info] InstanceID already exists at /app/nocobase/storage/.license/instance-id 
2026-04-25 06:23:25 [info] License key not found 
{"level":"info","message":"run static import","extra":{"packageName":"@nocobase/plugin-multi-app-manager"},"meta":{"packageName":"@nocobase/plugin-multi-app-manager"},"module":"cli","submodule":"","method":"","app":"main","dataSourceKey":"main","timestamp":"2026-04-25 06:23:27"}
{"level":"info","message":"App supervisor initialized","extra":{"discoveryAdapter":"legacy","processAdapter":"legacy","commandAdapter":""},"meta":{"discoveryAdapter":"legacy","processAdapter":"legacy","commandAdapter":""},"module":"app-supervisor","submodule":"","method":"","app":"main","dataSourceKey":"main","timestamp":"2026-04-25 06:23:27"}
{"level":"info","message":"connection has been established successfully.","extra":{"method":"auth"},"meta":{},"module":"database","submodule":"","method":"auth","app":"main","reqId":"d688122c-8714-42b3-a674-a316d44a1728","dataSourceKey":"main","timestamp":"2026-04-25 06:23:27"}
{"level":"info","message":"Docs index generated for module \"runjs\"","extra":{},"meta":{},"module":"application","submodule":"","method":"","app":"main","reqId":"d688122c-8714-42b3-a674-a316d44a1728","dataSourceKey":"main","timestamp":"2026-04-25 06:23:27"}
{"level":"info","message":"allocate worker id: 3","extra":{"method":"load"},"meta":{},"module":"application","submodule":"","method":"load","app":"main","reqId":"d688122c-8714-42b3-a674-a316d44a1728","dataSourceKey":"main","timestamp":"2026-04-25 06:23:27"}
{"level":"info","message":"start install built-in plugins","extra":{},"meta":{},"module":"nocobase","submodule":"","method":"","app":"main","reqId":"d688122c-8714-42b3-a674-a316d44a1728","dataSourceKey":"main","timestamp":"2026-04-25 06:23:27"}
{"level":"warn","message":"tools [common] register ignored: ToolsOptions not export as default at /app/nocobase/node_modules/@nocobase/plugin-data-source-manager/dist/ai/tools/data-query/common.js","extra":{},"meta":{},"module":"data-source-manager","submodule":"","method":"","app":"main","reqId":"d688122c-8714-42b3-a674-a316d44a1728","dataSourceKey":"main","timestamp":"2026-04-25 06:23:27"}
{"level":"warn","message":"tools [utils] register ignored: ToolsOptions not export as default at /app/nocobase/node_modules/@nocobase/plugin-data-source-manager/dist/ai/tools/data-query/utils.js","extra":{},"meta":{},"module":"data-source-manager","submodule":"","method":"","app":"main","reqId":"d688122c-8714-42b3-a674-a316d44a1728","dataSourceKey":"main","timestamp":"2026-04-25 06:23:27"}
{"level":"warn","message":"[PubSubManager] adapter is not exist or not connected, cannot publish message to channel main.sync.file-manager","extra":{},"meta":{},"module":"application","submodule":"","method":"","app":"main","reqId":"d688122c-8714-42b3-a674-a316d44a1728","dataSourceKey":"main","timestamp":"2026-04-25 06:23:28"}
{"level":"warn","message":"[PubSubManager] adapter is not exist or not connected, cannot publish message to channel main.sync.data-source-manager","extra":{},"meta":{},"module":"application","submodule":"","method":"","app":"main","reqId":"d688122c-8714-42b3-a674-a316d44a1728","dataSourceKey":"main","timestamp":"2026-04-25 06:23:28"}
{"level":"warn","message":"[PubSubManager] adapter is not exist or not connected, cannot publish message to channel main.sync.acl","extra":{},"meta":{},"module":"application","submodule":"","method":"","app":"main","reqId":"d688122c-8714-42b3-a674-a316d44a1728","dataSourceKey":"main","timestamp":"2026-04-25 06:23:28"}
{"level":"warn","message":"[PubSubManager] adapter is not exist or not connected, cannot publish message to channel main.sync.data-source-manager","extra":{},"meta":{},"module":"application","submodule":"","method":"","app":"main","reqId":"d688122c-8714-42b3-a674-a316d44a1728","dataSourceKey":"main","timestamp":"2026-04-25 06:23:28"}
{"level":"warn","message":"[PubSubManager] adapter is not exist or not connected, cannot publish message to channel main.sync.acl","extra":{},"meta":{},"module":"application","submodule":"","method":"","app":"main","reqId":"d688122c-8714-42b3-a674-a316d44a1728","dataSourceKey":"main","timestamp":"2026-04-25 06:23:28"}
{"level":"warn","message":"[PubSubManager] adapter is not exist or not connected, cannot publish message to channel main.sync.data-source-manager","extra":{},"meta":{},"module":"application","submodule":"","method":"","app":"main","reqId":"d688122c-8714-42b3-a674-a316d44a1728","dataSourceKey":"main","timestamp":"2026-04-25 06:23:28"}
{"level":"warn","message":"[PubSubManager] adapter is not exist or not connected, cannot publish message to channel main.sync.acl","extra":{},"meta":{},"module":"application","submodule":"","method":"","app":"main","reqId":"d688122c-8714-42b3-a674-a316d44a1728","dataSourceKey":"main","timestamp":"2026-04-25 06:23:28"}
{"level":"info","message":"setup built-in employees","extra":{},"meta":{},"module":"ai","submodule":"","method":"","app":"main","reqId":"d688122c-8714-42b3-a674-a316d44a1728","dataSourceKey":"main","timestamp":"2026-04-25 06:23:29"}
{"level":"info","message":"setup [orin] AI employee for data modeling","extra":{},"meta":{},"module":"ai","submodule":"","method":"","app":"main","reqId":"d688122c-8714-42b3-a674-a316d44a1728","dataSourceKey":"main","timestamp":"2026-04-25 06:23:29"}
{"level":"info","message":"setup [nathan] AI employee for coding","extra":{},"meta":{},"module":"ai","submodule":"","method":"","app":"main","reqId":"d688122c-8714-42b3-a674-a316d44a1728","dataSourceKey":"main","timestamp":"2026-04-25 06:23:29"}
{"level":"info","message":"setup [dex] AI employee for extract and structure data from text, and can fill forms automatically.","extra":{},"meta":{},"module":"ai","submodule":"","method":"","app":"main","reqId":"d688122c-8714-42b3-a674-a316d44a1728","dataSourceKey":"main","timestamp":"2026-04-25 06:23:29"}
{"level":"info","message":"setup [viz] Insights analyst","extra":{},"meta":{},"module":"ai","submodule":"","method":"","app":"main","reqId":"d688122c-8714-42b3-a674-a316d44a1728","dataSourceKey":"main","timestamp":"2026-04-25 06:23:29"}
{"level":"info","message":"setup [vera] Research analyst","extra":{},"meta":{},"module":"ai","submodule":"","method":"","app":"main","reqId":"d688122c-8714-42b3-a674-a316d44a1728","dataSourceKey":"main","timestamp":"2026-04-25 06:23:29"}
{"level":"info","message":"setup [lexi] Translator","extra":{},"meta":{},"module":"ai","submodule":"","method":"","app":"main","reqId":"d688122c-8714-42b3-a674-a316d44a1728","dataSourceKey":"main","timestamp":"2026-04-25 06:23:29"}
{"level":"info","message":"setup [ellis] Email expert","extra":{},"meta":{},"module":"ai","submodule":"","method":"","app":"main","reqId":"d688122c-8714-42b3-a674-a316d44a1728","dataSourceKey":"main","timestamp":"2026-04-25 06:23:29"}
{"level":"info","message":"setup [dara] Data visualization specialist","extra":{},"meta":{},"module":"ai","submodule":"","method":"","app":"main","reqId":"d688122c-8714-42b3-a674-a316d44a1728","dataSourceKey":"main","timestamp":"2026-04-25 06:23:29"}
{"level":"info","message":"finish install built-in plugins","extra":{},"meta":{},"module":"nocobase","submodule":"","method":"","app":"main","reqId":"d688122c-8714-42b3-a674-a316d44a1728","dataSourceKey":"main","timestamp":"2026-04-25 06:23:29"}
{"level":"warn","message":"[PubSubManager] adapter is not exist or not connected, cannot publish message to channel main.sync.data-source-manager","extra":{},"meta":{},"module":"application","submodule":"","method":"","app":"main","reqId":"d688122c-8714-42b3-a674-a316d44a1728","dataSourceKey":"main","timestamp":"2026-04-25 06:23:29"}
{"level":"warn","message":"[PubSubManager] adapter is not exist or not connected, cannot publish message to channel main.sync.acl","extra":{},"meta":{},"module":"application","submodule":"","method":"","app":"main","reqId":"d688122c-8714-42b3-a674-a316d44a1728","dataSourceKey":"main","timestamp":"2026-04-25 06:23:29"}
{"level":"warn","message":"[PubSubManager] adapter is not exist or not connected, cannot publish message to channel main.sync.data-source-manager","extra":{},"meta":{},"module":"application","submodule":"","method":"","app":"main","reqId":"d688122c-8714-42b3-a674-a316d44a1728","dataSourceKey":"main","timestamp":"2026-04-25 06:23:29"}
{"level":"warn","message":"[PubSubManager] adapter is not exist or not connected, cannot publish message to channel main.sync.acl","extra":{},"meta":{},"module":"application","submodule":"","method":"","app":"main","reqId":"d688122c-8714-42b3-a674-a316d44a1728","dataSourceKey":"main","timestamp":"2026-04-25 06:23:29"}
{"level":"info","message":"restarting...","extra":{},"meta":{},"module":"application","submodule":"","method":"","app":"main","reqId":"d688122c-8714-42b3-a674-a316d44a1728","dataSourceKey":"main","timestamp":"2026-04-25 06:23:29"}
{"level":"info","message":"stopping workflow plugin before app (main) shutdown...","extra":{},"meta":{},"module":"application","submodule":"","method":"","app":"main","reqId":"d688122c-8714-42b3-a674-a316d44a1728","dataSourceKey":"main","timestamp":"2026-04-25 06:23:29"}
{"level":"info","message":"app.reload()","extra":{"method":"load"},"meta":{},"module":"application","submodule":"","method":"load","app":"main","reqId":"d688122c-8714-42b3-a674-a316d44a1728","dataSourceKey":"main","timestamp":"2026-04-25 06:23:29"}
{"level":"info","message":"allocate worker id: 21","extra":{"method":"load"},"meta":{},"module":"application","submodule":"","method":"load","app":"main","reqId":"d688122c-8714-42b3-a674-a316d44a1728","dataSourceKey":"main","timestamp":"2026-04-25 06:23:29"}
{"level":"warn","message":"AsyncTaskManager already exists, skipping initialization.","extra":{},"meta":{},"module":"application","submodule":"","method":"","app":"main","reqId":"d688122c-8714-42b3-a674-a316d44a1728","dataSourceKey":"main","timestamp":"2026-04-25 06:23:29"}
{"level":"warn","message":"tools [common] register ignored: ToolsOptions not export as default at /app/nocobase/node_modules/@nocobase/plugin-data-source-manager/dist/ai/tools/data-query/common.js","extra":{},"meta":{},"module":"data-source-manager","submodule":"","method":"","app":"main","reqId":"d688122c-8714-42b3-a674-a316d44a1728","dataSourceKey":"main","timestamp":"2026-04-25 06:23:29"}
{"level":"warn","message":"tools [utils] register ignored: ToolsOptions not export as default at /app/nocobase/node_modules/@nocobase/plugin-data-source-manager/dist/ai/tools/data-query/utils.js","extra":{},"meta":{},"module":"data-source-manager","submodule":"","method":"","app":"main","reqId":"d688122c-8714-42b3-a674-a316d44a1728","dataSourceKey":"main","timestamp":"2026-04-25 06:23:29"}
{"level":"info","message":"memory queue storage file not found, skip","extra":{},"meta":{},"module":"application","submodule":"","method":"","app":"main","reqId":"d688122c-8714-42b3-a674-a316d44a1728","dataSourceKey":"main","timestamp":"2026-04-25 06:23:29"}
{"level":"info","message":"memory queue storage file not found, skip","extra":{},"meta":{},"module":"application","submodule":"","method":"","app":"main","reqId":"d688122c-8714-42b3-a674-a316d44a1728","dataSourceKey":"main","timestamp":"2026-04-25 06:23:29"}
{"level":"info","message":"write roles to ACL","extra":{"method":"writeRolesToACL"},"meta":{},"module":"acl","submodule":"","method":"writeRolesToACL","app":"main","reqId":"d688122c-8714-42b3-a674-a316d44a1728","dataSourceKey":"main","timestamp":"2026-04-25 06:23:29"}
{"level":"info","message":"app has been started","extra":{},"meta":{},"module":"application","submodule":"","method":"","app":"main","reqId":"d688122c-8714-42b3-a674-a316d44a1728","dataSourceKey":"main","timestamp":"2026-04-25 06:23:29"}
{"level":"info","message":"run static import","extra":{"packageName":"@nocobase/plugin-multi-app-manager"},"meta":{"packageName":"@nocobase/plugin-multi-app-manager"},"module":"cli","submodule":"","method":"","app":"main","dataSourceKey":"main","timestamp":"2026-04-25 06:27:41"}
{"level":"info","message":"App supervisor initialized","extra":{"discoveryAdapter":"legacy","processAdapter":"legacy","commandAdapter":""},"meta":{"discoveryAdapter":"legacy","processAdapter":"legacy","commandAdapter":""},"module":"app-supervisor","submodule":"","method":"","app":"main","dataSourceKey":"main","timestamp":"2026-04-25 06:27:41"}
{"level":"info","message":"connection has been established successfully.","extra":{"method":"auth"},"meta":{},"module":"database","submodule":"","method":"auth","app":"main","reqId":"3298e888-27fc-496d-b226-b6c9d5a39fb7","dataSourceKey":"main","timestamp":"2026-04-25 06:27:41"}
{"level":"info","message":"[queue] gracefully shutting down...","extra":{},"meta":{},"module":"application","submodule":"","method":"","app":"main","reqId":"3298e888-27fc-496d-b226-b6c9d5a39fb7","dataSourceKey":"main","timestamp":"2026-04-25 06:27:41"}
2026-04-25 06:27:42 [info] Generating InstanceID... 
2026-04-25 06:27:42 [info] InstanceID already exists at /app/nocobase/storage/.license/instance-id 
2026-04-25 06:27:42 [info] License key not found 
{"level":"info","message":"run static import","extra":{"packageName":"@nocobase/plugin-multi-app-manager"},"meta":{"packageName":"@nocobase/plugin-multi-app-manager"},"module":"cli","submodule":"","method":"","app":"main","dataSourceKey":"main","timestamp":"2026-04-25 06:27:44"}
{"level":"info","message":"App supervisor initialized","extra":{"discoveryAdapter":"legacy","processAdapter":"legacy","commandAdapter":""},"meta":{"discoveryAdapter":"legacy","processAdapter":"legacy","commandAdapter":""},"module":"app-supervisor","submodule":"","method":"","app":"main","dataSourceKey":"main","timestamp":"2026-04-25 06:27:44"}
{"level":"info","message":"connection has been established successfully.","extra":{"method":"auth"},"meta":{},"module":"database","submodule":"","method":"auth","app":"main","reqId":"33b8078b-1274-493b-9d73-9fb568650606","dataSourceKey":"main","timestamp":"2026-04-25 06:27:44"}
{"level":"info","message":"Docs index generated for module \"runjs\"","extra":{},"meta":{},"module":"application","submodule":"","method":"","app":"main","reqId":"33b8078b-1274-493b-9d73-9fb568650606","dataSourceKey":"main","timestamp":"2026-04-25 06:27:45"}
{"level":"info","message":"allocate worker id: 11","extra":{"method":"load"},"meta":{},"module":"application","submodule":"","method":"load","app":"main","reqId":"33b8078b-1274-493b-9d73-9fb568650606","dataSourceKey":"main","timestamp":"2026-04-25 06:27:45"}
{"level":"info","message":"start install built-in plugins","extra":{},"meta":{},"module":"nocobase","submodule":"","method":"","app":"main","reqId":"33b8078b-1274-493b-9d73-9fb568650606","dataSourceKey":"main","timestamp":"2026-04-25 06:27:45"}
{"level":"warn","message":"tools [common] register ignored: ToolsOptions not export as default at /app/nocobase/node_modules/@nocobase/plugin-data-source-manager/dist/ai/tools/data-query/common.js","extra":{},"meta":{},"module":"data-source-manager","submodule":"","method":"","app":"main","reqId":"33b8078b-1274-493b-9d73-9fb568650606","dataSourceKey":"main","timestamp":"2026-04-25 06:27:45"}
{"level":"warn","message":"tools [utils] register ignored: ToolsOptions not export as default at /app/nocobase/node_modules/@nocobase/plugin-data-source-manager/dist/ai/tools/data-query/utils.js","extra":{},"meta":{},"module":"data-source-manager","submodule":"","method":"","app":"main","reqId":"33b8078b-1274-493b-9d73-9fb568650606","dataSourceKey":"main","timestamp":"2026-04-25 06:27:45"}
{"level":"warn","message":"[PubSubManager] adapter is not exist or not connected, cannot publish message to channel main.sync.file-manager","extra":{},"meta":{},"module":"application","submodule":"","method":"","app":"main","reqId":"33b8078b-1274-493b-9d73-9fb568650606","dataSourceKey":"main","timestamp":"2026-04-25 06:27:46"}
{"level":"warn","message":"[PubSubManager] adapter is not exist or not connected, cannot publish message to channel main.sync.data-source-manager","extra":{},"meta":{},"module":"application","submodule":"","method":"","app":"main","reqId":"33b8078b-1274-493b-9d73-9fb568650606","dataSourceKey":"main","timestamp":"2026-04-25 06:27:46"}
{"level":"warn","message":"[PubSubManager] adapter is not exist or not connected, cannot publish message to channel main.sync.acl","extra":{},"meta":{},"module":"application","submodule":"","method":"","app":"main","reqId":"33b8078b-1274-493b-9d73-9fb568650606","dataSourceKey":"main","timestamp":"2026-04-25 06:27:46"}
{"level":"warn","message":"[PubSubManager] adapter is not exist or not connected, cannot publish message to channel main.sync.data-source-manager","extra":{},"meta":{},"module":"application","submodule":"","method":"","app":"main","reqId":"33b8078b-1274-493b-9d73-9fb568650606","dataSourceKey":"main","timestamp":"2026-04-25 06:27:46"}
{"level":"warn","message":"[PubSubManager] adapter is not exist or not connected, cannot publish message to channel main.sync.acl","extra":{},"meta":{},"module":"application","submodule":"","method":"","app":"main","reqId":"33b8078b-1274-493b-9d73-9fb568650606","dataSourceKey":"main","timestamp":"2026-04-25 06:27:46"}
{"level":"warn","message":"[PubSubManager] adapter is not exist or not connected, cannot publish message to channel main.sync.data-source-manager","extra":{},"meta":{},"module":"application","submodule":"","method":"","app":"main","reqId":"33b8078b-1274-493b-9d73-9fb568650606","dataSourceKey":"main","timestamp":"2026-04-25 06:27:46"}
{"level":"warn","message":"[PubSubManager] adapter is not exist or not connected, cannot publish message to channel main.sync.acl","extra":{},"meta":{},"module":"application","submodule":"","method":"","app":"main","reqId":"33b8078b-1274-493b-9d73-9fb568650606","dataSourceKey":"main","timestamp":"2026-04-25 06:27:46"}
{"level":"info","message":"setup built-in employees","extra":{},"meta":{},"module":"ai","submodule":"","method":"","app":"main","reqId":"33b8078b-1274-493b-9d73-9fb568650606","dataSourceKey":"main","timestamp":"2026-04-25 06:27:47"}
{"level":"info","message":"setup [orin] AI employee for data modeling","extra":{},"meta":{},"module":"ai","submodule":"","method":"","app":"main","reqId":"33b8078b-1274-493b-9d73-9fb568650606","dataSourceKey":"main","timestamp":"2026-04-25 06:27:47"}
{"level":"info","message":"setup [nathan] AI employee for coding","extra":{},"meta":{},"module":"ai","submodule":"","method":"","app":"main","reqId":"33b8078b-1274-493b-9d73-9fb568650606","dataSourceKey":"main","timestamp":"2026-04-25 06:27:47"}
{"level":"info","message":"setup [dex] AI employee for extract and structure data from text, and can fill forms automatically.","extra":{},"meta":{},"module":"ai","submodule":"","method":"","app":"main","reqId":"33b8078b-1274-493b-9d73-9fb568650606","dataSourceKey":"main","timestamp":"2026-04-25 06:27:47"}
{"level":"info","message":"setup [viz] Insights analyst","extra":{},"meta":{},"module":"ai","submodule":"","method":"","app":"main","reqId":"33b8078b-1274-493b-9d73-9fb568650606","dataSourceKey":"main","timestamp":"2026-04-25 06:27:47"}
{"level":"info","message":"setup [vera] Research analyst","extra":{},"meta":{},"module":"ai","submodule":"","method":"","app":"main","reqId":"33b8078b-1274-493b-9d73-9fb568650606","dataSourceKey":"main","timestamp":"2026-04-25 06:27:47"}
{"level":"info","message":"setup [lexi] Translator","extra":{},"meta":{},"module":"ai","submodule":"","method":"","app":"main","reqId":"33b8078b-1274-493b-9d73-9fb568650606","dataSourceKey":"main","timestamp":"2026-04-25 06:27:47"}
{"level":"info","message":"setup [ellis] Email expert","extra":{},"meta":{},"module":"ai","submodule":"","method":"","app":"main","reqId":"33b8078b-1274-493b-9d73-9fb568650606","dataSourceKey":"main","timestamp":"2026-04-25 06:27:47"}
{"level":"info","message":"setup [dara] Data visualization specialist","extra":{},"meta":{},"module":"ai","submodule":"","method":"","app":"main","reqId":"33b8078b-1274-493b-9d73-9fb568650606","dataSourceKey":"main","timestamp":"2026-04-25 06:27:47"}
{"level":"info","message":"finish install built-in plugins","extra":{},"meta":{},"module":"nocobase","submodule":"","method":"","app":"main","reqId":"33b8078b-1274-493b-9d73-9fb568650606","dataSourceKey":"main","timestamp":"2026-04-25 06:27:47"}
{"level":"warn","message":"[PubSubManager] adapter is not exist or not connected, cannot publish message to channel main.sync.data-source-manager","extra":{},"meta":{},"module":"application","submodule":"","method":"","app":"main","reqId":"33b8078b-1274-493b-9d73-9fb568650606","dataSourceKey":"main","timestamp":"2026-04-25 06:27:47"}
{"level":"warn","message":"[PubSubManager] adapter is not exist or not connected, cannot publish message to channel main.sync.acl","extra":{},"meta":{},"module":"application","submodule":"","method":"","app":"main","reqId":"33b8078b-1274-493b-9d73-9fb568650606","dataSourceKey":"main","timestamp":"2026-04-25 06:27:47"}
{"level":"warn","message":"[PubSubManager] adapter is not exist or not connected, cannot publish message to channel main.sync.data-source-manager","extra":{},"meta":{},"module":"application","submodule":"","method":"","app":"main","reqId":"33b8078b-1274-493b-9d73-9fb568650606","dataSourceKey":"main","timestamp":"2026-04-25 06:27:47"}
{"level":"warn","message":"[PubSubManager] adapter is not exist or not connected, cannot publish message to channel main.sync.acl","extra":{},"meta":{},"module":"application","submodule":"","method":"","app":"main","reqId":"33b8078b-1274-493b-9d73-9fb568650606","dataSourceKey":"main","timestamp":"2026-04-25 06:27:47"}
{"level":"info","message":"restarting...","extra":{},"meta":{},"module":"application","submodule":"","method":"","app":"main","reqId":"33b8078b-1274-493b-9d73-9fb568650606","dataSourceKey":"main","timestamp":"2026-04-25 06:27:47"}
{"level":"info","message":"stopping workflow plugin before app (main) shutdown...","extra":{},"meta":{},"module":"application","submodule":"","method":"","app":"main","reqId":"33b8078b-1274-493b-9d73-9fb568650606","dataSourceKey":"main","timestamp":"2026-04-25 06:27:47"}
{"level":"info","message":"app.reload()","extra":{"method":"load"},"meta":{},"module":"application","submodule":"","method":"load","app":"main","reqId":"33b8078b-1274-493b-9d73-9fb568650606","dataSourceKey":"main","timestamp":"2026-04-25 06:27:47"}
{"level":"info","message":"allocate worker id: 0","extra":{"method":"load"},"meta":{},"module":"application","submodule":"","method":"load","app":"main","reqId":"33b8078b-1274-493b-9d73-9fb568650606","dataSourceKey":"main","timestamp":"2026-04-25 06:27:47"}
{"level":"warn","message":"AsyncTaskManager already exists, skipping initialization.","extra":{},"meta":{},"module":"application","submodule":"","method":"","app":"main","reqId":"33b8078b-1274-493b-9d73-9fb568650606","dataSourceKey":"main","timestamp":"2026-04-25 06:27:47"}
{"level":"warn","message":"tools [common] register ignored: ToolsOptions not export as default at /app/nocobase/node_modules/@nocobase/plugin-data-source-manager/dist/ai/tools/data-query/common.js","extra":{},"meta":{},"module":"data-source-manager","submodule":"","method":"","app":"main","reqId":"33b8078b-1274-493b-9d73-9fb568650606","dataSourceKey":"main","timestamp":"2026-04-25 06:27:47"}
{"level":"warn","message":"tools [utils] register ignored: ToolsOptions not export as default at /app/nocobase/node_modules/@nocobase/plugin-data-source-manager/dist/ai/tools/data-query/utils.js","extra":{},"meta":{},"module":"data-source-manager","submodule":"","method":"","app":"main","reqId":"33b8078b-1274-493b-9d73-9fb568650606","dataSourceKey":"main","timestamp":"2026-04-25 06:27:47"}
{"level":"info","message":"memory queue storage file not found, skip","extra":{},"meta":{},"module":"application","submodule":"","method":"","app":"main","reqId":"33b8078b-1274-493b-9d73-9fb568650606","dataSourceKey":"main","timestamp":"2026-04-25 06:27:47"}
{"level":"info","message":"memory queue storage file not found, skip","extra":{},"meta":{},"module":"application","submodule":"","method":"","app":"main","reqId":"33b8078b-1274-493b-9d73-9fb568650606","dataSourceKey":"main","timestamp":"2026-04-25 06:27:47"}
{"level":"info","message":"write roles to ACL","extra":{"method":"writeRolesToACL"},"meta":{},"module":"acl","submodule":"","method":"writeRolesToACL","app":"main","reqId":"33b8078b-1274-493b-9d73-9fb568650606","dataSourceKey":"main","timestamp":"2026-04-25 06:27:47"}
{"level":"info","message":"app has been started","extra":{},"meta":{},"module":"application","submodule":"","method":"","app":"main","reqId":"33b8078b-1274-493b-9d73-9fb568650606","dataSourceKey":"main","timestamp":"2026-04-25 06:27:47"}
{"level":"warn","message":"[Workflow pre-action]: collection \"app\" not found","extra":{},"meta":{},"module":"app","submodule":"getLang","method":"","app":"main","reqId":"fe9f0925-50ff-43d5-94ac-38fc2851df02","dataSourceKey":"main","timestamp":"2026-04-25 06:28:56"}
{"level":"warn","message":"[Workflow pre-action]: collection \"pm\" not found","extra":{},"meta":{},"module":"pm","submodule":"listEnabled","method":"","app":"main","reqId":"98e60052-3127-4b90-9119-9c386d974e38","dataSourceKey":"main","timestamp":"2026-04-25 06:28:56"}
{"level":"warn","message":"[Workflow pre-action]: collection \"auth\" not found","extra":{},"meta":{},"module":"auth","submodule":"signIn","method":"","app":"main","reqId":"eeb8e57f-46d6-4038-8143-51defdbdb381","dataSourceKey":"main","timestamp":"2026-04-25 06:29:12"}
2026-04-25 06:29:51 [info] License key not found 
{"level":"info","message":"run static import","extra":{"packageName":"@nocobase/plugin-multi-app-manager"},"meta":{"packageName":"@nocobase/plugin-multi-app-manager"},"module":"cli","submodule":"","method":"","app":"main","dataSourceKey":"main","timestamp":"2026-04-25 06:29:52"}
{"level":"info","message":"App supervisor initialized","extra":{"discoveryAdapter":"legacy","processAdapter":"legacy","commandAdapter":""},"meta":{"discoveryAdapter":"legacy","processAdapter":"legacy","commandAdapter":""},"module":"app-supervisor","submodule":"","method":"","app":"main","dataSourceKey":"main","timestamp":"2026-04-25 06:29:52"}
{"level":"info","message":"connection has been established successfully.","extra":{"method":"auth"},"meta":{},"module":"database","submodule":"","method":"auth","app":"main","reqId":"32782555-996d-47d4-bf30-8b1132d24f18","dataSourceKey":"main","timestamp":"2026-04-25 06:29:52"}
{"level":"info","message":"Docs index generated for module \"runjs\"","extra":{},"meta":{},"module":"application","submodule":"","method":"","app":"main","reqId":"32782555-996d-47d4-bf30-8b1132d24f18","dataSourceKey":"main","timestamp":"2026-04-25 06:29:53"}
{"level":"info","message":"allocate worker id: 30","extra":{"method":"load"},"meta":{},"module":"application","submodule":"","method":"load","app":"main","reqId":"32782555-996d-47d4-bf30-8b1132d24f18","dataSourceKey":"main","timestamp":"2026-04-25 06:29:53"}
{"level":"info","message":"start install built-in plugins","extra":{},"meta":{},"module":"nocobase","submodule":"","method":"","app":"main","reqId":"32782555-996d-47d4-bf30-8b1132d24f18","dataSourceKey":"main","timestamp":"2026-04-25 06:29:53"}
{"level":"warn","message":"tools [common] register ignored: ToolsOptions not export as default at /app/nocobase/node_modules/@nocobase/plugin-data-source-manager/dist/ai/tools/data-query/common.js","extra":{},"meta":{},"module":"data-source-manager","submodule":"","method":"","app":"main","reqId":"32782555-996d-47d4-bf30-8b1132d24f18","dataSourceKey":"main","timestamp":"2026-04-25 06:29:53"}
{"level":"warn","message":"tools [utils] register ignored: ToolsOptions not export as default at /app/nocobase/node_modules/@nocobase/plugin-data-source-manager/dist/ai/tools/data-query/utils.js","extra":{},"meta":{},"module":"data-source-manager","submodule":"","method":"","app":"main","reqId":"32782555-996d-47d4-bf30-8b1132d24f18","dataSourceKey":"main","timestamp":"2026-04-25 06:29:53"}
{"level":"warn","message":"[PubSubManager] adapter is not exist or not connected, cannot publish message to channel main.sync.file-manager","extra":{},"meta":{},"module":"application","submodule":"","method":"","app":"main","reqId":"32782555-996d-47d4-bf30-8b1132d24f18","dataSourceKey":"main","timestamp":"2026-04-25 06:29:54"}
{"level":"warn","message":"[PubSubManager] adapter is not exist or not connected, cannot publish message to channel main.sync.data-source-manager","extra":{},"meta":{},"module":"application","submodule":"","method":"","app":"main","reqId":"32782555-996d-47d4-bf30-8b1132d24f18","dataSourceKey":"main","timestamp":"2026-04-25 06:29:54"}
{"level":"warn","message":"[PubSubManager] adapter is not exist or not connected, cannot publish message to channel main.sync.acl","extra":{},"meta":{},"module":"application","submodule":"","method":"","app":"main","reqId":"32782555-996d-47d4-bf30-8b1132d24f18","dataSourceKey":"main","timestamp":"2026-04-25 06:29:54"}
{"level":"warn","message":"[PubSubManager] adapter is not exist or not connected, cannot publish message to channel main.sync.data-source-manager","extra":{},"meta":{},"module":"application","submodule":"","method":"","app":"main","reqId":"32782555-996d-47d4-bf30-8b1132d24f18","dataSourceKey":"main","timestamp":"2026-04-25 06:29:54"}
{"level":"warn","message":"[PubSubManager] adapter is not exist or not connected, cannot publish message to channel main.sync.acl","extra":{},"meta":{},"module":"application","submodule":"","method":"","app":"main","reqId":"32782555-996d-47d4-bf30-8b1132d24f18","dataSourceKey":"main","timestamp":"2026-04-25 06:29:54"}
{"level":"warn","message":"[PubSubManager] adapter is not exist or not connected, cannot publish message to channel main.sync.data-source-manager","extra":{},"meta":{},"module":"application","submodule":"","method":"","app":"main","reqId":"32782555-996d-47d4-bf30-8b1132d24f18","dataSourceKey":"main","timestamp":"2026-04-25 06:29:54"}
{"level":"warn","message":"[PubSubManager] adapter is not exist or not connected, cannot publish message to channel main.sync.acl","extra":{},"meta":{},"module":"application","submodule":"","method":"","app":"main","reqId":"32782555-996d-47d4-bf30-8b1132d24f18","dataSourceKey":"main","timestamp":"2026-04-25 06:29:54"}
{"level":"info","message":"setup built-in employees","extra":{},"meta":{},"module":"ai","submodule":"","method":"","app":"main","reqId":"32782555-996d-47d4-bf30-8b1132d24f18","dataSourceKey":"main","timestamp":"2026-04-25 06:29:55"}
{"level":"info","message":"setup [orin] AI employee for data modeling","extra":{},"meta":{},"module":"ai","submodule":"","method":"","app":"main","reqId":"32782555-996d-47d4-bf30-8b1132d24f18","dataSourceKey":"main","timestamp":"2026-04-25 06:29:55"}
{"level":"info","message":"setup [nathan] AI employee for coding","extra":{},"meta":{},"module":"ai","submodule":"","method":"","app":"main","reqId":"32782555-996d-47d4-bf30-8b1132d24f18","dataSourceKey":"main","timestamp":"2026-04-25 06:29:55"}
{"level":"info","message":"setup [dex] AI employee for extract and structure data from text, and can fill forms automatically.","extra":{},"meta":{},"module":"ai","submodule":"","method":"","app":"main","reqId":"32782555-996d-47d4-bf30-8b1132d24f18","dataSourceKey":"main","timestamp":"2026-04-25 06:29:55"}
{"level":"info","message":"setup [viz] Insights analyst","extra":{},"meta":{},"module":"ai","submodule":"","method":"","app":"main","reqId":"32782555-996d-47d4-bf30-8b1132d24f18","dataSourceKey":"main","timestamp":"2026-04-25 06:29:55"}
{"level":"info","message":"setup [vera] Research analyst","extra":{},"meta":{},"module":"ai","submodule":"","method":"","app":"main","reqId":"32782555-996d-47d4-bf30-8b1132d24f18","dataSourceKey":"main","timestamp":"2026-04-25 06:29:55"}
{"level":"info","message":"setup [lexi] Translator","extra":{},"meta":{},"module":"ai","submodule":"","method":"","app":"main","reqId":"32782555-996d-47d4-bf30-8b1132d24f18","dataSourceKey":"main","timestamp":"2026-04-25 06:29:55"}
{"level":"info","message":"setup [ellis] Email expert","extra":{},"meta":{},"module":"ai","submodule":"","method":"","app":"main","reqId":"32782555-996d-47d4-bf30-8b1132d24f18","dataSourceKey":"main","timestamp":"2026-04-25 06:29:55"}
{"level":"info","message":"setup [dara] Data visualization specialist","extra":{},"meta":{},"module":"ai","submodule":"","method":"","app":"main","reqId":"32782555-996d-47d4-bf30-8b1132d24f18","dataSourceKey":"main","timestamp":"2026-04-25 06:29:55"}
{"level":"info","message":"finish install built-in plugins","extra":{},"meta":{},"module":"nocobase","submodule":"","method":"","app":"main","reqId":"32782555-996d-47d4-bf30-8b1132d24f18","dataSourceKey":"main","timestamp":"2026-04-25 06:29:55"}
{"level":"warn","message":"[PubSubManager] adapter is not exist or not connected, cannot publish message to channel main.sync.data-source-manager","extra":{},"meta":{},"module":"application","submodule":"","method":"","app":"main","reqId":"32782555-996d-47d4-bf30-8b1132d24f18","dataSourceKey":"main","timestamp":"2026-04-25 06:29:55"}
{"level":"warn","message":"[PubSubManager] adapter is not exist or not connected, cannot publish message to channel main.sync.acl","extra":{},"meta":{},"module":"application","submodule":"","method":"","app":"main","reqId":"32782555-996d-47d4-bf30-8b1132d24f18","dataSourceKey":"main","timestamp":"2026-04-25 06:29:55"}
{"level":"warn","message":"[PubSubManager] adapter is not exist or not connected, cannot publish message to channel main.sync.data-source-manager","extra":{},"meta":{},"module":"application","submodule":"","method":"","app":"main","reqId":"32782555-996d-47d4-bf30-8b1132d24f18","dataSourceKey":"main","timestamp":"2026-04-25 06:29:55"}
{"level":"warn","message":"[PubSubManager] adapter is not exist or not connected, cannot publish message to channel main.sync.acl","extra":{},"meta":{},"module":"application","submodule":"","method":"","app":"main","reqId":"32782555-996d-47d4-bf30-8b1132d24f18","dataSourceKey":"main","timestamp":"2026-04-25 06:29:55"}
{"level":"info","message":"app reinstalled successfully [v2.0.43]","extra":{},"meta":{},"module":"application","submodule":"","method":"","app":"main","reqId":"32782555-996d-47d4-bf30-8b1132d24f18","dataSourceKey":"main","timestamp":"2026-04-25 06:29:55"}
{"level":"info","message":"stopping workflow plugin before app (main) shutdown...","extra":{},"meta":{},"module":"application","submodule":"","method":"","app":"main","reqId":"32782555-996d-47d4-bf30-8b1132d24f18","dataSourceKey":"main","timestamp":"2026-04-25 06:29:55"}
{"level":"info","message":"[queue] gracefully shutting down...","extra":{},"meta":{},"module":"application","submodule":"","method":"","app":"main","reqId":"32782555-996d-47d4-bf30-8b1132d24f18","dataSourceKey":"main","timestamp":"2026-04-25 06:29:55"}
{"level":"info","message":"run static import","extra":{"packageName":"@nocobase/plugin-multi-app-manager"},"meta":{"packageName":"@nocobase/plugin-multi-app-manager"},"module":"cli","submodule":"","method":"","app":"main","dataSourceKey":"main","timestamp":"2026-04-25 06:30:01"}
{"level":"info","message":"App supervisor initialized","extra":{"discoveryAdapter":"legacy","processAdapter":"legacy","commandAdapter":""},"meta":{"discoveryAdapter":"legacy","processAdapter":"legacy","commandAdapter":""},"module":"app-supervisor","submodule":"","method":"","app":"main","dataSourceKey":"main","timestamp":"2026-04-25 06:30:01"}
{"level":"info","message":"connection has been established successfully.","extra":{"method":"auth"},"meta":{},"module":"database","submodule":"","method":"auth","app":"main","reqId":"eb9a5d57-dd82-4153-884f-cbdbf1d52a33","dataSourceKey":"main","timestamp":"2026-04-25 06:30:01"}
{"level":"info","message":"[queue] gracefully shutting down...","extra":{},"meta":{},"module":"application","submodule":"","method":"","app":"main","reqId":"eb9a5d57-dd82-4153-884f-cbdbf1d52a33","dataSourceKey":"main","timestamp":"2026-04-25 06:30:01"}
2026-04-25 06:30:02 [info] Generating InstanceID... 
2026-04-25 06:30:02 [info] InstanceID already exists at /app/nocobase/storage/.license/instance-id 
2026-04-25 06:30:03 [info] License key not found 
{"level":"info","message":"run static import","extra":{"packageName":"@nocobase/plugin-multi-app-manager"},"meta":{"packageName":"@nocobase/plugin-multi-app-manager"},"module":"cli","submodule":"","method":"","app":"main","dataSourceKey":"main","timestamp":"2026-04-25 06:30:05"}
{"level":"info","message":"App supervisor initialized","extra":{"discoveryAdapter":"legacy","processAdapter":"legacy","commandAdapter":""},"meta":{"discoveryAdapter":"legacy","processAdapter":"legacy","commandAdapter":""},"module":"app-supervisor","submodule":"","method":"","app":"main","dataSourceKey":"main","timestamp":"2026-04-25 06:30:05"}
{"level":"info","message":"connection has been established successfully.","extra":{"method":"auth"},"meta":{},"module":"database","submodule":"","method":"auth","app":"main","reqId":"68ba5efc-84d8-4b79-896f-b5767c6be684","dataSourceKey":"main","timestamp":"2026-04-25 06:30:05"}
{"level":"info","message":"Docs index generated for module \"runjs\"","extra":{},"meta":{},"module":"application","submodule":"","method":"","app":"main","reqId":"68ba5efc-84d8-4b79-896f-b5767c6be684","dataSourceKey":"main","timestamp":"2026-04-25 06:30:05"}
{"level":"info","message":"upgrading...","extra":{},"meta":{},"module":"application","submodule":"","method":"","app":"main","reqId":"68ba5efc-84d8-4b79-896f-b5767c6be684","dataSourceKey":"main","timestamp":"2026-04-25 06:30:05"}
{"level":"info","message":"run upgrade","extra":{},"meta":{},"module":"application","submodule":"","method":"","app":"main","reqId":"68ba5efc-84d8-4b79-896f-b5767c6be684","dataSourceKey":"main","timestamp":"2026-04-25 06:30:05"}
{"level":"info","message":"update built-in plugins","extra":{},"meta":{},"module":"nocobase","submodule":"","method":"","app":"main","reqId":"68ba5efc-84d8-4b79-896f-b5767c6be684","dataSourceKey":"main","timestamp":"2026-04-25 06:30:05"}
{"level":"info","message":"allocate worker id: 14","extra":{"method":"load"},"meta":{},"module":"application","submodule":"","method":"load","app":"main","reqId":"68ba5efc-84d8-4b79-896f-b5767c6be684","dataSourceKey":"main","timestamp":"2026-04-25 06:30:05"}
{"level":"warn","message":"tools [common] register ignored: ToolsOptions not export as default at /app/nocobase/node_modules/@nocobase/plugin-data-source-manager/dist/ai/tools/data-query/common.js","extra":{},"meta":{},"module":"data-source-manager","submodule":"","method":"","app":"main","reqId":"68ba5efc-84d8-4b79-896f-b5767c6be684","dataSourceKey":"main","timestamp":"2026-04-25 06:30:05"}
{"level":"warn","message":"tools [utils] register ignored: ToolsOptions not export as default at /app/nocobase/node_modules/@nocobase/plugin-data-source-manager/dist/ai/tools/data-query/utils.js","extra":{},"meta":{},"module":"data-source-manager","submodule":"","method":"","app":"main","reqId":"68ba5efc-84d8-4b79-896f-b5767c6be684","dataSourceKey":"main","timestamp":"2026-04-25 06:30:05"}
{"level":"info","message":"update built-in employees","extra":{},"meta":{},"module":"ai","submodule":"","method":"","app":"main","reqId":"68ba5efc-84d8-4b79-896f-b5767c6be684","dataSourceKey":"main","timestamp":"2026-04-25 06:30:07"}
{"level":"info","message":"update [orin] AI employee for data modeling","extra":{},"meta":{},"module":"ai","submodule":"","method":"","app":"main","reqId":"68ba5efc-84d8-4b79-896f-b5767c6be684","dataSourceKey":"main","timestamp":"2026-04-25 06:30:07"}
{"level":"info","message":"update [nathan] AI employee for coding","extra":{},"meta":{},"module":"ai","submodule":"","method":"","app":"main","reqId":"68ba5efc-84d8-4b79-896f-b5767c6be684","dataSourceKey":"main","timestamp":"2026-04-25 06:30:07"}
{"level":"info","message":"update [dex] AI employee for extract and structure data from text, and can fill forms automatically.","extra":{},"meta":{},"module":"ai","submodule":"","method":"","app":"main","reqId":"68ba5efc-84d8-4b79-896f-b5767c6be684","dataSourceKey":"main","timestamp":"2026-04-25 06:30:07"}
{"level":"info","message":"update [viz] Insights analyst","extra":{},"meta":{},"module":"ai","submodule":"","method":"","app":"main","reqId":"68ba5efc-84d8-4b79-896f-b5767c6be684","dataSourceKey":"main","timestamp":"2026-04-25 06:30:07"}
{"level":"info","message":"update [vera] Research analyst","extra":{},"meta":{},"module":"ai","submodule":"","method":"","app":"main","reqId":"68ba5efc-84d8-4b79-896f-b5767c6be684","dataSourceKey":"main","timestamp":"2026-04-25 06:30:07"}
{"level":"info","message":"update [lexi] Translator","extra":{},"meta":{},"module":"ai","submodule":"","method":"","app":"main","reqId":"68ba5efc-84d8-4b79-896f-b5767c6be684","dataSourceKey":"main","timestamp":"2026-04-25 06:30:07"}
{"level":"info","message":"update [ellis] Email expert","extra":{},"meta":{},"module":"ai","submodule":"","method":"","app":"main","reqId":"68ba5efc-84d8-4b79-896f-b5767c6be684","dataSourceKey":"main","timestamp":"2026-04-25 06:30:07"}
{"level":"info","message":"update [dara] Data visualization specialist","extra":{},"meta":{},"module":"ai","submodule":"","method":"","app":"main","reqId":"68ba5efc-84d8-4b79-896f-b5767c6be684","dataSourceKey":"main","timestamp":"2026-04-25 06:30:07"}
{"level":"info","message":"Reset built-in AI employees about to null","extra":{},"meta":{},"module":"application","submodule":"","method":"","app":"main","reqId":"68ba5efc-84d8-4b79-896f-b5767c6be684","dataSourceKey":"main","timestamp":"2026-04-25 06:30:07"}
{"level":"info","message":"Removed AI employee with username \"cole\"","extra":{},"meta":{},"module":"application","submodule":"","method":"","app":"main","reqId":"68ba5efc-84d8-4b79-896f-b5767c6be684","dataSourceKey":"main","timestamp":"2026-04-25 06:30:07"}
{"level":"info","message":"run upgrade","extra":{},"meta":{},"module":"application","submodule":"","method":"","app":"main","reqId":"68ba5efc-84d8-4b79-896f-b5767c6be684","dataSourceKey":"main","timestamp":"2026-04-25 06:30:07"}
{"level":"info","message":"update built-in employees","extra":{},"meta":{},"module":"ai","submodule":"","method":"","app":"main","reqId":"68ba5efc-84d8-4b79-896f-b5767c6be684","dataSourceKey":"main","timestamp":"2026-04-25 06:30:07"}
{"level":"info","message":"update [orin] AI employee for data modeling","extra":{},"meta":{},"module":"ai","submodule":"","method":"","app":"main","reqId":"68ba5efc-84d8-4b79-896f-b5767c6be684","dataSourceKey":"main","timestamp":"2026-04-25 06:30:07"}
{"level":"info","message":"update [nathan] AI employee for coding","extra":{},"meta":{},"module":"ai","submodule":"","method":"","app":"main","reqId":"68ba5efc-84d8-4b79-896f-b5767c6be684","dataSourceKey":"main","timestamp":"2026-04-25 06:30:07"}
{"level":"info","message":"update [dex] AI employee for extract and structure data from text, and can fill forms automatically.","extra":{},"meta":{},"module":"ai","submodule":"","method":"","app":"main","reqId":"68ba5efc-84d8-4b79-896f-b5767c6be684","dataSourceKey":"main","timestamp":"2026-04-25 06:30:07"}
{"level":"info","message":"update [viz] Insights analyst","extra":{},"meta":{},"module":"ai","submodule":"","method":"","app":"main","reqId":"68ba5efc-84d8-4b79-896f-b5767c6be684","dataSourceKey":"main","timestamp":"2026-04-25 06:30:07"}
{"level":"info","message":"update [vera] Research analyst","extra":{},"meta":{},"module":"ai","submodule":"","method":"","app":"main","reqId":"68ba5efc-84d8-4b79-896f-b5767c6be684","dataSourceKey":"main","timestamp":"2026-04-25 06:30:07"}
{"level":"info","message":"update [lexi] Translator","extra":{},"meta":{},"module":"ai","submodule":"","method":"","app":"main","reqId":"68ba5efc-84d8-4b79-896f-b5767c6be684","dataSourceKey":"main","timestamp":"2026-04-25 06:30:07"}
{"level":"info","message":"update [ellis] Email expert","extra":{},"meta":{},"module":"ai","submodule":"","method":"","app":"main","reqId":"68ba5efc-84d8-4b79-896f-b5767c6be684","dataSourceKey":"main","timestamp":"2026-04-25 06:30:07"}
{"level":"info","message":"update [dara] Data visualization specialist","extra":{},"meta":{},"module":"ai","submodule":"","method":"","app":"main","reqId":"68ba5efc-84d8-4b79-896f-b5767c6be684","dataSourceKey":"main","timestamp":"2026-04-25 06:30:07"}
{"level":"warn","message":"[PubSubManager] adapter is not exist or not connected, cannot publish message to channel main.sync.acl","extra":{},"meta":{},"module":"application","submodule":"","method":"","app":"main","reqId":"68ba5efc-84d8-4b79-896f-b5767c6be684","dataSourceKey":"main","timestamp":"2026-04-25 06:30:07"}
{"level":"info","message":"restarting...","extra":{},"meta":{},"module":"application","submodule":"","method":"","app":"main","reqId":"68ba5efc-84d8-4b79-896f-b5767c6be684","dataSourceKey":"main","timestamp":"2026-04-25 06:30:07"}
{"level":"info","message":"stopping workflow plugin before app (main) shutdown...","extra":{},"meta":{},"module":"application","submodule":"","method":"","app":"main","reqId":"68ba5efc-84d8-4b79-896f-b5767c6be684","dataSourceKey":"main","timestamp":"2026-04-25 06:30:07"}
{"level":"info","message":"app.reload()","extra":{"method":"load"},"meta":{},"module":"application","submodule":"","method":"load","app":"main","reqId":"68ba5efc-84d8-4b79-896f-b5767c6be684","dataSourceKey":"main","timestamp":"2026-04-25 06:30:07"}
{"level":"info","message":"allocate worker id: 6","extra":{"method":"load"},"meta":{},"module":"application","submodule":"","method":"load","app":"main","reqId":"68ba5efc-84d8-4b79-896f-b5767c6be684","dataSourceKey":"main","timestamp":"2026-04-25 06:30:07"}
{"level":"warn","message":"AsyncTaskManager already exists, skipping initialization.","extra":{},"meta":{},"module":"application","submodule":"","method":"","app":"main","reqId":"68ba5efc-84d8-4b79-896f-b5767c6be684","dataSourceKey":"main","timestamp":"2026-04-25 06:30:07"}
{"level":"warn","message":"tools [common] register ignored: ToolsOptions not export as default at /app/nocobase/node_modules/@nocobase/plugin-data-source-manager/dist/ai/tools/data-query/common.js","extra":{},"meta":{},"module":"data-source-manager","submodule":"","method":"","app":"main","reqId":"68ba5efc-84d8-4b79-896f-b5767c6be684","dataSourceKey":"main","timestamp":"2026-04-25 06:30:07"}
{"level":"warn","message":"tools [utils] register ignored: ToolsOptions not export as default at /app/nocobase/node_modules/@nocobase/plugin-data-source-manager/dist/ai/tools/data-query/utils.js","extra":{},"meta":{},"module":"data-source-manager","submodule":"","method":"","app":"main","reqId":"68ba5efc-84d8-4b79-896f-b5767c6be684","dataSourceKey":"main","timestamp":"2026-04-25 06:30:07"}
{"level":"info","message":"memory queue storage file not found, skip","extra":{},"meta":{},"module":"application","submodule":"","method":"","app":"main","reqId":"68ba5efc-84d8-4b79-896f-b5767c6be684","dataSourceKey":"main","timestamp":"2026-04-25 06:30:07"}
{"level":"info","message":"memory queue storage file not found, skip","extra":{},"meta":{},"module":"application","submodule":"","method":"","app":"main","reqId":"68ba5efc-84d8-4b79-896f-b5767c6be684","dataSourceKey":"main","timestamp":"2026-04-25 06:30:07"}
{"level":"info","message":"write roles to ACL","extra":{"method":"writeRolesToACL"},"meta":{},"module":"acl","submodule":"","method":"writeRolesToACL","app":"main","reqId":"68ba5efc-84d8-4b79-896f-b5767c6be684","dataSourceKey":"main","timestamp":"2026-04-25 06:30:07"}
{"level":"info","message":"app has been started","extra":{},"meta":{},"module":"application","submodule":"","method":"","app":"main","reqId":"68ba5efc-84d8-4b79-896f-b5767c6be684","dataSourceKey":"main","timestamp":"2026-04-25 06:30:07"}
{"level":"info","message":"run static import","extra":{"packageName":"@nocobase/plugin-multi-app-manager"},"meta":{"packageName":"@nocobase/plugin-multi-app-manager"},"module":"cli","submodule":"","method":"","app":"main","dataSourceKey":"main","timestamp":"2026-04-25 06:32:56"}
{"level":"info","message":"App supervisor initialized","extra":{"discoveryAdapter":"legacy","processAdapter":"legacy","commandAdapter":""},"meta":{"discoveryAdapter":"legacy","processAdapter":"legacy","commandAdapter":""},"module":"app-supervisor","submodule":"","method":"","app":"main","dataSourceKey":"main","timestamp":"2026-04-25 06:32:56"}
{"level":"info","message":"connection has been established successfully.","extra":{"method":"auth"},"meta":{},"module":"database","submodule":"","method":"auth","app":"main","reqId":"39af565f-2b3a-4ba7-9fc9-1542492f257b","dataSourceKey":"main","timestamp":"2026-04-25 06:32:56"}
{"level":"info","message":"[queue] gracefully shutting down...","extra":{},"meta":{},"module":"application","submodule":"","method":"","app":"main","reqId":"39af565f-2b3a-4ba7-9fc9-1542492f257b","dataSourceKey":"main","timestamp":"2026-04-25 06:32:56"}
2026-04-25 06:32:57 [info] Generating InstanceID... 
2026-04-25 06:32:57 [info] InstanceID already exists at /app/nocobase/storage/.license/instance-id 
2026-04-25 06:32:57 [info] License key not found 
{"level":"info","message":"run static import","extra":{"packageName":"@nocobase/plugin-multi-app-manager"},"meta":{"packageName":"@nocobase/plugin-multi-app-manager"},"module":"cli","submodule":"","method":"","app":"main","dataSourceKey":"main","timestamp":"2026-04-25 06:32:59"}
{"level":"info","message":"App supervisor initialized","extra":{"discoveryAdapter":"legacy","processAdapter":"legacy","commandAdapter":""},"meta":{"discoveryAdapter":"legacy","processAdapter":"legacy","commandAdapter":""},"module":"app-supervisor","submodule":"","method":"","app":"main","dataSourceKey":"main","timestamp":"2026-04-25 06:32:59"}
{"level":"info","message":"connection has been established successfully.","extra":{"method":"auth"},"meta":{},"module":"database","submodule":"","method":"auth","app":"main","reqId":"5716d19a-faf7-42a9-96f2-27a37c597d0a","dataSourceKey":"main","timestamp":"2026-04-25 06:32:59"}
{"level":"info","message":"Docs index generated for module \"runjs\"","extra":{},"meta":{},"module":"application","submodule":"","method":"","app":"main","reqId":"5716d19a-faf7-42a9-96f2-27a37c597d0a","dataSourceKey":"main","timestamp":"2026-04-25 06:33:00"}
{"level":"info","message":"allocate worker id: 13","extra":{"method":"load"},"meta":{},"module":"application","submodule":"","method":"load","app":"main","reqId":"5716d19a-faf7-42a9-96f2-27a37c597d0a","dataSourceKey":"main","timestamp":"2026-04-25 06:33:00"}
{"level":"info","message":"start install built-in plugins","extra":{},"meta":{},"module":"nocobase","submodule":"","method":"","app":"main","reqId":"5716d19a-faf7-42a9-96f2-27a37c597d0a","dataSourceKey":"main","timestamp":"2026-04-25 06:33:00"}
{"level":"warn","message":"tools [common] register ignored: ToolsOptions not export as default at /app/nocobase/node_modules/@nocobase/plugin-data-source-manager/dist/ai/tools/data-query/common.js","extra":{},"meta":{},"module":"data-source-manager","submodule":"","method":"","app":"main","reqId":"5716d19a-faf7-42a9-96f2-27a37c597d0a","dataSourceKey":"main","timestamp":"2026-04-25 06:33:00"}
{"level":"warn","message":"tools [utils] register ignored: ToolsOptions not export as default at /app/nocobase/node_modules/@nocobase/plugin-data-source-manager/dist/ai/tools/data-query/utils.js","extra":{},"meta":{},"module":"data-source-manager","submodule":"","method":"","app":"main","reqId":"5716d19a-faf7-42a9-96f2-27a37c597d0a","dataSourceKey":"main","timestamp":"2026-04-25 06:33:00"}
{"level":"warn","message":"[PubSubManager] adapter is not exist or not connected, cannot publish message to channel main.sync.file-manager","extra":{},"meta":{},"module":"application","submodule":"","method":"","app":"main","reqId":"5716d19a-faf7-42a9-96f2-27a37c597d0a","dataSourceKey":"main","timestamp":"2026-04-25 06:33:01"}
{"level":"warn","message":"[PubSubManager] adapter is not exist or not connected, cannot publish message to channel main.sync.data-source-manager","extra":{},"meta":{},"module":"application","submodule":"","method":"","app":"main","reqId":"5716d19a-faf7-42a9-96f2-27a37c597d0a","dataSourceKey":"main","timestamp":"2026-04-25 06:33:01"}
{"level":"warn","message":"[PubSubManager] adapter is not exist or not connected, cannot publish message to channel main.sync.acl","extra":{},"meta":{},"module":"application","submodule":"","method":"","app":"main","reqId":"5716d19a-faf7-42a9-96f2-27a37c597d0a","dataSourceKey":"main","timestamp":"2026-04-25 06:33:01"}
{"level":"warn","message":"[PubSubManager] adapter is not exist or not connected, cannot publish message to channel main.sync.data-source-manager","extra":{},"meta":{},"module":"application","submodule":"","method":"","app":"main","reqId":"5716d19a-faf7-42a9-96f2-27a37c597d0a","dataSourceKey":"main","timestamp":"2026-04-25 06:33:01"}
{"level":"warn","message":"[PubSubManager] adapter is not exist or not connected, cannot publish message to channel main.sync.acl","extra":{},"meta":{},"module":"application","submodule":"","method":"","app":"main","reqId":"5716d19a-faf7-42a9-96f2-27a37c597d0a","dataSourceKey":"main","timestamp":"2026-04-25 06:33:01"}
{"level":"warn","message":"[PubSubManager] adapter is not exist or not connected, cannot publish message to channel main.sync.data-source-manager","extra":{},"meta":{},"module":"application","submodule":"","method":"","app":"main","reqId":"5716d19a-faf7-42a9-96f2-27a37c597d0a","dataSourceKey":"main","timestamp":"2026-04-25 06:33:01"}
{"level":"warn","message":"[PubSubManager] adapter is not exist or not connected, cannot publish message to channel main.sync.acl","extra":{},"meta":{},"module":"application","submodule":"","method":"","app":"main","reqId":"5716d19a-faf7-42a9-96f2-27a37c597d0a","dataSourceKey":"main","timestamp":"2026-04-25 06:33:01"}
{"level":"info","message":"setup built-in employees","extra":{},"meta":{},"module":"ai","submodule":"","method":"","app":"main","reqId":"5716d19a-faf7-42a9-96f2-27a37c597d0a","dataSourceKey":"main","timestamp":"2026-04-25 06:33:01"}
{"level":"info","message":"setup [orin] AI employee for data modeling","extra":{},"meta":{},"module":"ai","submodule":"","method":"","app":"main","reqId":"5716d19a-faf7-42a9-96f2-27a37c597d0a","dataSourceKey":"main","timestamp":"2026-04-25 06:33:01"}
{"level":"info","message":"setup [nathan] AI employee for coding","extra":{},"meta":{},"module":"ai","submodule":"","method":"","app":"main","reqId":"5716d19a-faf7-42a9-96f2-27a37c597d0a","dataSourceKey":"main","timestamp":"2026-04-25 06:33:01"}
{"level":"info","message":"setup [dex] AI employee for extract and structure data from text, and can fill forms automatically.","extra":{},"meta":{},"module":"ai","submodule":"","method":"","app":"main","reqId":"5716d19a-faf7-42a9-96f2-27a37c597d0a","dataSourceKey":"main","timestamp":"2026-04-25 06:33:01"}
{"level":"info","message":"setup [viz] Insights analyst","extra":{},"meta":{},"module":"ai","submodule":"","method":"","app":"main","reqId":"5716d19a-faf7-42a9-96f2-27a37c597d0a","dataSourceKey":"main","timestamp":"2026-04-25 06:33:01"}
{"level":"info","message":"setup [vera] Research analyst","extra":{},"meta":{},"module":"ai","submodule":"","method":"","app":"main","reqId":"5716d19a-faf7-42a9-96f2-27a37c597d0a","dataSourceKey":"main","timestamp":"2026-04-25 06:33:01"}
{"level":"info","message":"setup [lexi] Translator","extra":{},"meta":{},"module":"ai","submodule":"","method":"","app":"main","reqId":"5716d19a-faf7-42a9-96f2-27a37c597d0a","dataSourceKey":"main","timestamp":"2026-04-25 06:33:01"}
{"level":"info","message":"setup [ellis] Email expert","extra":{},"meta":{},"module":"ai","submodule":"","method":"","app":"main","reqId":"5716d19a-faf7-42a9-96f2-27a37c597d0a","dataSourceKey":"main","timestamp":"2026-04-25 06:33:01"}
{"level":"info","message":"setup [dara] Data visualization specialist","extra":{},"meta":{},"module":"ai","submodule":"","method":"","app":"main","reqId":"5716d19a-faf7-42a9-96f2-27a37c597d0a","dataSourceKey":"main","timestamp":"2026-04-25 06:33:01"}
{"level":"info","message":"finish install built-in plugins","extra":{},"meta":{},"module":"nocobase","submodule":"","method":"","app":"main","reqId":"5716d19a-faf7-42a9-96f2-27a37c597d0a","dataSourceKey":"main","timestamp":"2026-04-25 06:33:02"}
{"level":"warn","message":"[PubSubManager] adapter is not exist or not connected, cannot publish message to channel main.sync.data-source-manager","extra":{},"meta":{},"module":"application","submodule":"","method":"","app":"main","reqId":"5716d19a-faf7-42a9-96f2-27a37c597d0a","dataSourceKey":"main","timestamp":"2026-04-25 06:33:02"}
{"level":"warn","message":"[PubSubManager] adapter is not exist or not connected, cannot publish message to channel main.sync.acl","extra":{},"meta":{},"module":"application","submodule":"","method":"","app":"main","reqId":"5716d19a-faf7-42a9-96f2-27a37c597d0a","dataSourceKey":"main","timestamp":"2026-04-25 06:33:02"}
{"level":"warn","message":"[PubSubManager] adapter is not exist or not connected, cannot publish message to channel main.sync.data-source-manager","extra":{},"meta":{},"module":"application","submodule":"","method":"","app":"main","reqId":"5716d19a-faf7-42a9-96f2-27a37c597d0a","dataSourceKey":"main","timestamp":"2026-04-25 06:33:02"}
{"level":"warn","message":"[PubSubManager] adapter is not exist or not connected, cannot publish message to channel main.sync.acl","extra":{},"meta":{},"module":"application","submodule":"","method":"","app":"main","reqId":"5716d19a-faf7-42a9-96f2-27a37c597d0a","dataSourceKey":"main","timestamp":"2026-04-25 06:33:02"}
{"level":"info","message":"restarting...","extra":{},"meta":{},"module":"application","submodule":"","method":"","app":"main","reqId":"5716d19a-faf7-42a9-96f2-27a37c597d0a","dataSourceKey":"main","timestamp":"2026-04-25 06:33:02"}
{"level":"info","message":"stopping workflow plugin before app (main) shutdown...","extra":{},"meta":{},"module":"application","submodule":"","method":"","app":"main","reqId":"5716d19a-faf7-42a9-96f2-27a37c597d0a","dataSourceKey":"main","timestamp":"2026-04-25 06:33:02"}
{"level":"info","message":"app.reload()","extra":{"method":"load"},"meta":{},"module":"application","submodule":"","method":"load","app":"main","reqId":"5716d19a-faf7-42a9-96f2-27a37c597d0a","dataSourceKey":"main","timestamp":"2026-04-25 06:33:02"}
{"level":"info","message":"allocate worker id: 1","extra":{"method":"load"},"meta":{},"module":"application","submodule":"","method":"load","app":"main","reqId":"5716d19a-faf7-42a9-96f2-27a37c597d0a","dataSourceKey":"main","timestamp":"2026-04-25 06:33:02"}
{"level":"warn","message":"AsyncTaskManager already exists, skipping initialization.","extra":{},"meta":{},"module":"application","submodule":"","method":"","app":"main","reqId":"5716d19a-faf7-42a9-96f2-27a37c597d0a","dataSourceKey":"main","timestamp":"2026-04-25 06:33:02"}
{"level":"warn","message":"tools [common] register ignored: ToolsOptions not export as default at /app/nocobase/node_modules/@nocobase/plugin-data-source-manager/dist/ai/tools/data-query/common.js","extra":{},"meta":{},"module":"data-source-manager","submodule":"","method":"","app":"main","reqId":"5716d19a-faf7-42a9-96f2-27a37c597d0a","dataSourceKey":"main","timestamp":"2026-04-25 06:33:02"}
{"level":"warn","message":"tools [utils] register ignored: ToolsOptions not export as default at /app/nocobase/node_modules/@nocobase/plugin-data-source-manager/dist/ai/tools/data-query/utils.js","extra":{},"meta":{},"module":"data-source-manager","submodule":"","method":"","app":"main","reqId":"5716d19a-faf7-42a9-96f2-27a37c597d0a","dataSourceKey":"main","timestamp":"2026-04-25 06:33:02"}
{"level":"info","message":"memory queue storage file not found, skip","extra":{},"meta":{},"module":"application","submodule":"","method":"","app":"main","reqId":"5716d19a-faf7-42a9-96f2-27a37c597d0a","dataSourceKey":"main","timestamp":"2026-04-25 06:33:02"}
{"level":"info","message":"memory queue storage file not found, skip","extra":{},"meta":{},"module":"application","submodule":"","method":"","app":"main","reqId":"5716d19a-faf7-42a9-96f2-27a37c597d0a","dataSourceKey":"main","timestamp":"2026-04-25 06:33:02"}
{"level":"info","message":"write roles to ACL","extra":{"method":"writeRolesToACL"},"meta":{},"module":"acl","submodule":"","method":"writeRolesToACL","app":"main","reqId":"5716d19a-faf7-42a9-96f2-27a37c597d0a","dataSourceKey":"main","timestamp":"2026-04-25 06:33:02"}
{"level":"info","message":"app has been started","extra":{},"meta":{},"module":"application","submodule":"","method":"","app":"main","reqId":"5716d19a-faf7-42a9-96f2-27a37c597d0a","dataSourceKey":"main","timestamp":"2026-04-25 06:33:02"}
